<?xml version="1.0" encoding="UTF-8"?>
<hdf5:HDF5-File xmlns:hdf5="http://hdfgroup.org/HDF5/XML/schema/HDF5-File.xsd" xmlns:xsi="http://www.w3.org/2001/XMLSchema-instance" xsi:schemaLocation="http://hdfgroup.org/HDF5/XML/schema/HDF5-File http://www.hdfgroup.org/HDF5/XML/schema/HDF5-File.xsd">
<hdf5:RootGroup OBJ-XID="xid_96" H5Path="/">
   <hdf5:Dataset Name="ArrayDatasetFloatComplex" OBJ-XID="xid_5264" H5Path= "/ArrayDatasetFloatComplex" Parents="xid_96" H5ParentPaths="/">
      <hdf5:StorageLayout>
         <hdf5:ContiguousLayout/>
      </hdf5:StorageLayout>
      <hdf5:FillValueInfo FillTime="FillIfSet" AllocationTime="Late">
         <hdf5:FillValue>
            <hdf5:NoFill/>
         </hdf5:FillValue>
      </hdf5:FillValueInfo>
      <hdf5:Dataspace>
         <hdf5:SimpleDataspace Ndims="2">
            <hdf5:Dimension  DimSize="1" MaxDimSize="1"/>
            <hdf5:Dimension  DimSize="1" MaxDimSize="1"/>
         </hdf5:SimpleDataspace>
      </hdf5:Dataspace>
      <hdf5:DataType>
         <hdf5:ArrayType Ndims="2">
            <hdf5:ArrayDimension DimSize="10"/>
            <hdf5:ArrayDimension DimSize="10"/>
            <hdf5:DataType>
               <hdf5:ComplexNumberType>
                  <hdf5:DataType>
                     <hdf5:AtomicType>
                        <hdf5:FloatType ByteOrder="LE" Size="4" SignBitLocation="31" ExponentBits="8" ExponentLocation="23" MantissaBits="23" MantissaLocation="0" />
                     </hdf5:AtomicType>
                  </hdf5:DataType>
               </hdf5:ComplexNumberType>
            </hdf5:DataType>
         </hdf5:ArrayType>
      </hdf5:DataType>
      <hdf5:Data>
         <hdf5:DataFromFile>
         10+0i 1+1i 2+2i 3+3i 4+4i 5+5i 6+6i 7+7i 8+8i 9+9i 9+0i 1.1+1.1i 2.1+2.1i 3.1+3.1i 4.1+4.1i 5.1+5.1i 6.1+6.1i 7.1+7.1i 8.1+8.1i 9.1+9.1i 8+0i 1.2+1.2i 2.2+2.2i 3.2+3.2i 4.2+4.2i 5.2+5.2i 6.2+6.2i 7.2+7.2i 8.2+8.2i 9.2+9.2i 7+0i 1.3+1.3i 2.3+2.3i 3.3+3.3i 4.3+4.3i 5.3+5.3i 6.3+6.3i 7.3+7.3i 8.3+8.3i 9.3+9.3i 6+0i 1.4+1.4i 2.4+2.4i 3.4+3.4i 4.4+4.4i 5.4+5.4i 6.4+6.4i 7.4+7.4i 8.4+8.4i 9.4+9.4i 5+0i 1.5+1.5i 2.5+2.5i 3.5+3.5i 4.5+4.5i 5.5+5.5i 6.5+6.5i 7.5+7.5i 8.5+8.5i 9.5+9.5i 4+0i 1.6+1.6i 2.6+2.6i 3.6+3.6i 4.6+4.6i 5.6+5.6i 6.6+6.6i 7.6+7.6i 8.6+8.6i 9.6+9.6i 3+0i 1.7+1.7i 2.7+2.7i 3.7+3.7i 4.7+4.7i 5.7+5.7i 6.7+6.7i 7.7+7.7i 8.7+8.7i 9.7+9.7i 2+0i 1.8+1.8i 2.8+2.8i 3.8+3.8i 4.8+4.8i 5.8+5.8i 6.8+6.8i 7.8+7.8i 8.8+8.8i 9.8+9.8i 1+0i 1.9+1.9i 2.9+2.9i 3.9+3.9i 4.9+4.9i 5.9+5.9i 6.9+6.9i 7.9+7.9i 8.9+8.9i 9.9+9.9i
         </hdf5:DataFromFile>
      </hdf5:Data>
   </hdf5:Dataset>
   <hdf5:Dataset Name="CompoundDatasetFloatComplex" OBJ-XID="xid_4720" H5Path= "/CompoundDatasetFloatComplex" Parents="xid_96" H5ParentPaths="/">
      <hdf5:StorageLayout>
         <hdf5:ContiguousLayout/>
      </hdf5:StorageLayout>
      <hdf5:FillValueInfo FillTime="FillIfSet" AllocationTime="Late">
         <hdf5:FillValue>
            <hdf5:NoFill/>
         </hdf5:FillValue>
      </hdf5:FillValueInfo>
      <hdf5:Dataspace>
         <hdf5:SimpleDataspace Ndims="2">
            <hdf5:Dimension  DimSize="10" MaxDimSize="10"/>
            <hdf5:Dimension  DimSize="10" MaxDimSize="10"/>
         </hdf5:SimpleDataspace>
      </hdf5:Dataspace>
      <hdf5:DataType>
         <hdf5:CompoundType>
            <hdf5:Field FieldName="float_complex_mem">
               <hdf5:DataType>
                  <hdf5:ComplexNumberType>
                     <hdf5:DataType>
                        <hdf5:AtomicType>
                           <hdf5:FloatType ByteOrder="LE" Size="4" SignBitLocation="31" ExponentBits="8" ExponentLocation="23" MantissaBits="23" MantissaLocation="0" />
                        </hdf5:AtomicType>
                     </hdf5:DataType>
                  </hdf5:ComplexNumberType>
               </hdf5:DataType>
            </hdf5:Field>
         </hdf5:CompoundType>
      </hdf5:DataType>
   <!-- Note: format of compound data not specified -->
      <hdf5:Data>
         <hdf5:DataFromFile>
         10+0i
         1+1i
         2+2i
         3+3i
         4+4i
         5+5i
         6+6i
         7+7i
         8+8i
         9+9i
         9+0i
         1.1+1.1i
         2.1+2.1i
         3.1+3.1i
         4.1+4.1i
         5.1+5.1i
         6.1+6.1i
         7.1+7.1i
         8.1+8.1i
         9.1+9.1i
         8+0i
         1.2+1.2i
         2.2+2.2i
         3.2+3.2i
         4.2+4.2i
         5.2+5.2i
         6.2+6.2i
         7.2+7.2i
         8.2+8.2i
         9.2+9.2i
         7+0i
         1.3+1.3i
         2.3+2.3i
         3.3+3.3i
         4.3+4.3i
         5.3+5.3i
         6.3+6.3i
         7.3+7.3i
         8.3+8.3i
         9.3+9.3i
         6+0i
         1.4+1.4i
         2.4+2.4i
         3.4+3.4i
         4.4+4.4i
         5.4+5.4i
         6.4+6.4i
         7.4+7.4i
         8.4+8.4i
         9.4+9.4i
         5+0i
         1.5+1.5i
         2.5+2.5i
         3.5+3.5i
         4.5+4.5i
         5.5+5.5i
         6.5+6.5i
         7.5+7.5i
         8.5+8.5i
         9.5+9.5i
         4+0i
         1.6+1.6i
         2.6+2.6i
         3.6+3.6i
         4.6+4.6i
         5.6+5.6i
         6.6+6.6i
         7.6+7.6i
         8.6+8.6i
         9.6+9.6i
         3+0i
         1.7+1.7i
         2.7+2.7i
         3.7+3.7i
         4.7+4.7i
         5.7+5.7i
         6.7+6.7i
         7.7+7.7i
         8.7+8.7i
         9.7+9.7i
         2+0i
         1.8+1.8i
         2.8+2.8i
         3.8+3.8i
         4.8+4.8i
         5.8+5.8i
         6.8+6.8i
         7.8+7.8i
         8.8+8.8i
         9.8+9.8i
         1+0i
         1.9+1.9i
         2.9+2.9i
         3.9+3.9i
         4.9+4.9i
         5.9+5.9i
         6.9+6.9i
         7.9+7.9i
         8.9+8.9i
         9.9+9.9i
         </hdf5:DataFromFile>
      </hdf5:Data>
   </hdf5:Dataset>
   <hdf5:Dataset Name="DatasetDoubleComplex" OBJ-XID="xid_1520" H5Path= "/DatasetDoubleComplex" Parents="xid_96" H5ParentPaths="/">
      <hdf5:StorageLayout>
         <hdf5:ContiguousLayout/>
      </hdf5:StorageLayout>
      <hdf5:FillValueInfo FillTime="FillIfSet" AllocationTime="Late">
         <hdf5:FillValue>
            <hdf5:Data>
               <hdf5:DataFromFile>
               "-1.000000+1.000000i"
               </hdf5:DataFromFile>
            </hdf5:Data>
         </hdf5:FillValue>
      </hdf5:FillValueInfo>
      <hdf5:Dataspace>
         <hdf5:SimpleDataspace Ndims="2">
            <hdf5:Dimension  DimSize="10" MaxDimSize="10"/>
            <hdf5:Dimension  DimSize="10" MaxDimSize="10"/>
         </hdf5:SimpleDataspace>
      </hdf5:Dataspace>
      <hdf5:DataType>
         <hdf5:ComplexNumberType>
            <hdf5:DataType>
               <hdf5:AtomicType>
                  <hdf5:FloatType ByteOrder="LE" Size="8" SignBitLocation="63" ExponentBits="11" ExponentLocation="52" MantissaBits="52" MantissaLocation="0" />
               </hdf5:AtomicType>
            </hdf5:DataType>
         </hdf5:ComplexNumberType>
      </hdf5:DataType>
      <hdf5:Data>
         <hdf5:DataFromFile>
         10+0i
         1+1i
         2+2i
         3+3i
         4+4i
         5+5i
         6+6i
         7+7i
         8+8i
         9+9i
         9+0i
         1.1+1.1i
         2.1+2.1i
         3.1+3.1i
         4.1+4.1i
         5.1+5.1i
         6.1+6.1i
         7.1+7.1i
         8.1+8.1i
         9.1+9.1i
         8+0i
         1.2+1.2i
         2.2+2.2i
         3.2+3.2i
         4.2+4.2i
         5.2+5.2i
         6.2+6.2i
         7.2+7.2i
         8.2+8.2i
         9.2+9.2i
         7+0i
         1.3+1.3i
         2.3+2.3i
         3.3+3.3i
         4.3+4.3i
         5.3+5.3i
         6.3+6.3i
         7.3+7.3i
         8.3+8.3i
         9.3+9.3i
         6+0i
         1.4+1.4i
         2.4+2.4i
         3.4+3.4i
         4.4+4.4i
         5.4+5.4i
         6.4+6.4i
         7.4+7.4i
         8.4+8.4i
         9.4+9.4i
         5+0i
         1.5+1.5i
         2.5+2.5i
         3.5+3.5i
         4.5+4.5i
         5.5+5.5i
         6.5+6.5i
         7.5+7.5i
         8.5+8.5i
         9.5+9.5i
         4+0i
         1.6+1.6i
         2.6+2.6i
         3.6+3.6i
         4.6+4.6i
         5.6+5.6i
         6.6+6.6i
         7.6+7.6i
         8.6+8.6i
         9.6+9.6i
         3+0i
         1.7+1.7i
         2.7+2.7i
         3.7+3.7i
         4.7+4.7i
         5.7+5.7i
         6.7+6.7i
         7.7+7.7i
         8.7+8.7i
         9.7+9.7i
         2+0i
         1.8+1.8i
         2.8+2.8i
         3.8+3.8i
         4.8+4.8i
         5.8+5.8i
         6.8+6.8i
         7.8+7.8i
         8.8+8.8i
         9.8+9.8i
         1+0i
         1.9+1.9i
         2.9+2.9i
         3.9+3.9i
         4.9+4.9i
         5.9+5.9i
         6.9+6.9i
         7.9+7.9i
         8.9+8.9i
         9.9+9.9i
         </hdf5:DataFromFile>
      </hdf5:Data>
   </hdf5:Dataset>
   <hdf5:Dataset Name="DatasetFloatComplex" OBJ-XID="xid_800" H5Path= "/DatasetFloatComplex" Parents="xid_96" H5ParentPaths="/">
      <hdf5:StorageLayout>
         <hdf5:ContiguousLayout/>
      </hdf5:StorageLayout>
      <hdf5:FillValueInfo FillTime="FillIfSet" AllocationTime="Late">
         <hdf5:FillValue>
            <hdf5:Data>
               <hdf5:DataFromFile>
               "-1.000000+1.000000i"
               </hdf5:DataFromFile>
            </hdf5:Data>
         </hdf5:FillValue>
      </hdf5:FillValueInfo>
      <hdf5:Dataspace>
         <hdf5:SimpleDataspace Ndims="2">
            <hdf5:Dimension  DimSize="10" MaxDimSize="10"/>
            <hdf5:Dimension  DimSize="10" MaxDimSize="10"/>
         </hdf5:SimpleDataspace>
      </hdf5:Dataspace>
      <hdf5:DataType>
         <hdf5:ComplexNumberType>
            <hdf5:DataType>
               <hdf5:AtomicType>
                  <hdf5:FloatType ByteOrder="LE" Size="4" SignBitLocation="31" ExponentBits="8" ExponentLocation="23" MantissaBits="23" MantissaLocation="0" />
               </hdf5:AtomicType>
            </hdf5:DataType>
         </hdf5:ComplexNumberType>
      </hdf5:DataType>
      <hdf5:Attribute Name="AttributeFloatComplex">
         <hdf5:Dataspace>
            <hdf5:SimpleDataspace Ndims="2">
               <hdf5:Dimension  DimSize="1" MaxDimSize="1"/>
               <hdf5:Dimension  DimSize="1" MaxDimSize="1"/>
            </hdf5:SimpleDataspace>
         </hdf5:Dataspace>
         <hdf5:DataType>
            <hdf5:ComplexNumberType>
               <hdf5:DataType>
                  <hdf5:AtomicType>
                     <hdf5:FloatType ByteOrder="LE" Size="4" SignBitLocation="31" ExponentBits="8" ExponentLocation="23" MantissaBits="23" MantissaLocation="0" />
                  </hdf5:AtomicType>
               </hdf5:DataType>
            </hdf5:ComplexNumberType>
         </hdf5:DataType>
         <hdf5:Data>
            <hdf5:DataFromFile>
            -1+1i
            </hdf5:DataFromFile>
         </hdf5:Data>
      </hdf5:Attribute>
      <hdf5:Data>
         <hdf5:DataFromFile>
         10+0i
         1+1i
         2+2i
         3+3i
         4+4i
         5+5i
         6+6i
         7+7i
         8+8i
         9+9i
         9+0i
         1.1+1.1i
         2.1+2.1i
         3.1+3.1i
         4.1+4.1i
         5.1+5.1i
         6.1+6.1i
         7.1+7.1i
         8.1+8.1i
         9.1+9.1i
         8+0i
         1.2+1.2i
         2.2+2.2i
         3.2+3.2i
         4.2+4.2i
         5.2+5.2i
         6.2+6.2i
         7.2+7.2i
         8.2+8.2i
         9.2+9.2i
         7+0i
         1.3+1.3i
         2.3+2.3i
         3.3+3.3i
         4.3+4.3i
         5.3+5.3i
         6.3+6.3i
         7.3+7.3i
         8.3+8.3i
         9.3+9.3i
         6+0i
         1.4+1.4i
         2.4+2.4i
         3.4+3.4i
         4.4+4.4i
         5.4+5.4i
         6.4+6.4i
         7.4+7.4i
         8.4+8.4i
         9.4+9.4i
         5+0i
         1.5+1.5i
         2.5+2.5i
         3.5+3.5i
         4.5+4.5i
         5.5+5.5i
         6.5+6.5i
         7.5+7.5i
         8.5+8.5i
         9.5+9.5i
         4+0i
         1.6+1.6i
         2.6+2.6i
         3.6+3.6i
         4.6+4.6i
         5.6+5.6i
         6.6+6.6i
         7.6+7.6i
         8.6+8.6i
         9.6+9.6i
         3+0i
         1.7+1.7i
         2.7+2.7i
         3.7+3.7i
         4.7+4.7i
         5.7+5.7i
         6.7+6.7i
         7.7+7.7i
         8.7+8.7i
         9.7+9.7i
         2+0i
         1.8+1.8i
         2.8+2.8i
         3.8+3.8i
         4.8+4.8i
         5.8+5.8i
         6.8+6.8i
         7.8+7.8i
         8.8+8.8i
         9.8+9.8i
         1+0i
         1.9+1.9i
         2.9+2.9i
         3.9+3.9i
         4.9+4.9i
         5.9+5.9i
         6.9+6.9i
         7.9+7.9i
         8.9+8.9i
         9.9+9.9i
         </hdf5:DataFromFile>
      </hdf5:Data>
   </hdf5:Dataset>
   <hdf5:Dataset Name="DatasetLongDoubleComplex" OBJ-XID="xid_4448" H5Path= "/DatasetLongDoubleComplex" Parents="xid_96" H5ParentPaths="/">
      <hdf5:StorageLayout>
         <hdf5:ContiguousLayout/>
      </hdf5:StorageLayout>
      <hdf5:FillValueInfo FillTime="FillIfSet" AllocationTime="Late">
         <hdf5:FillValue>
            <hdf5:Data>
               <hdf5:DataFromFile>
               "-1.000000+1.000000i"
               </hdf5:DataFromFile>
            </hdf5:Data>
         </hdf5:FillValue>
      </hdf5:FillValueInfo>
      <hdf5:Dataspace>
         <hdf5:SimpleDataspace Ndims="2">
            <hdf5:Dimension  DimSize="10" MaxDimSize="10"/>
            <hdf5:Dimension  DimSize="10" MaxDimSize="10"/>
         </hdf5:SimpleDataspace>
      </hdf5:Dataspace>
      <hdf5:DataType>
         <hdf5:ComplexNumberType>
            <hdf5:DataType>
               <hdf5:AtomicType>
                  <hdf5:FloatType ByteOrder="LE" Size="16" SignBitLocation="79" ExponentBits="15" ExponentLocation="64" MantissaBits="64" MantissaLocation="0" />
               </hdf5:AtomicType>
            </hdf5:DataType>
         </hdf5:ComplexNumberType>
      </hdf5:DataType>
      <hdf5:Data>
         <hdf5:DataFromFile>
         10+0i
         1+1i
         2+2i
         3+3i
         4+4i
         5+5i
         6+6i
         7+7i
         8+8i
         9+9i
         9+0i
         1.1+1.1i
         2.1+2.1i
         3.1+3.1i
         4.1+4.1i
         5.1+5.1i
         6.1+6.1i
         7.1+7.1i
         8.1+8.1i
         9.1+9.1i
         8+0i
         1.2+1.2i
         2.2+2.2i
         3.2+3.2i
         4.2+4.2i
         5.2+5.2i
         6.2+6.2i
         7.2+7.2i
         8.2+8.2i
         9.2+9.2i
         7+0i
         1.3+1.3i
         2.3+2.3i
         3.3+3.3i
         4.3+4.3i
         5.3+5.3i
         6.3+6.3i
         7.3+7.3i
         8.3+8.3i
         9.3+9.3i
         6+0i
         1.4+1.4i
         2.4+2.4i
         3.4+3.4i
         4.4+4.4i
         5.4+5.4i
         6.4+6.4i
         7.4+7.4i
         8.4+8.4i
         9.4+9.4i
         5+0i
         1.5+1.5i
         2.5+2.5i
         3.5+3.5i
         4.5+4.5i
         5.5+5.5i
         6.5+6.5i
         7.5+7.5i
         8.5+8.5i
         9.5+9.5i
         4+0i
         1.6+1.6i
         2.6+2.6i
         3.6+3.6i
         4.6+4.6i
         5.6+5.6i
         6.6+6.6i
         7.6+7.6i
         8.6+8.6i
         9.6+9.6i
         3+0i
         1.7+1.7i
         2.7+2.7i
         3.7+3.7i
         4.7+4.7i
         5.7+5.7i
         6.7+6.7i
         7.7+7.7i
         8.7+8.7i
         9.7+9.7i
         2+0i
         1.8+1.8i
         2.8+2.8i
         3.8+3.8i
         4.8+4.8i
         5.8+5.8i
         6.8+6.8i
         7.8+7.8i
         8.8+8.8i
         9.8+9.8i
         1+0i
         1.9+1.9i
         2.9+2.9i
         3.9+3.9i
         4.9+4.9i
         5.9+5.9i
         6.9+6.9i
         7.9+7.9i
         8.9+8.9i
         9.9+9.9i
         </hdf5:DataFromFile>
      </hdf5:Data>
   </hdf5:Dataset>
   <hdf5:Dataset Name="VariableLengthDatasetFloatComplex" OBJ-XID="xid_4992" H5Path= "/VariableLengthDatasetFloatComplex" Parents="xid_96" H5ParentPaths="/">
      <hdf5:StorageLayout>
         <hdf5:ContiguousLayout/>
      </hdf5:StorageLayout>
      <hdf5:FillValueInfo FillTime="FillOnAlloc" AllocationTime="Late">
         <hdf5:FillValue>
            <hdf5:Data>
               <!-- VL fill not yet implemented. -->
               <hdf5:NoData />
            </hdf5:Data>
         </hdf5:FillValue>
      </hdf5:FillValueInfo>
      <hdf5:Dataspace>
         <hdf5:SimpleDataspace Ndims="1">
            <hdf5:Dimension  DimSize="10" MaxDimSize="10"/>
         </hdf5:SimpleDataspace>
      </hdf5:Dataspace>
      <hdf5:DataType>
         <hdf5:VLType>
            <hdf5:DataType>
               <hdf5:ComplexNumberType>
                  <hdf5:DataType>
                     <hdf5:AtomicType>
                        <hdf5:FloatType ByteOrder="LE" Size="4" SignBitLocation="31" ExponentBits="8" ExponentLocation="23" MantissaBits="23" MantissaLocation="0" />
                     </hdf5:AtomicType>
                  </hdf5:DataType>
               </hdf5:ComplexNumberType>
            </hdf5:DataType>
         </hdf5:VLType>
      </hdf5:DataType>
<!-- Note: format of VL data not specified -->
      <hdf5:Data>
         <hdf5:DataFromFile>
          10+0i 1+1i 2+2i 3+3i 4+4i 5+5i 6+6i 7+7i 8+8i 9+9i
          9+0i 1.1+1.1i 2.1+2.1i 3.1+3.1i 4.1+4.1i 5.1+5.1i 6.1+6.1i 7.1+7.1i 8.1+8.1i 9.1+9.1i
          8+0i 1.2+1.2i 2.2+2.2i 3.2+3.2i 4.2+4.2i 5.2+5.2i 6.2+6.2i 7.2+7.2i 8.2+8.2i 9.2+9.2i
          7+0i 1.3+1.3i 2.3+2.3i 3.3+3.3i 4.3+4.3i 5.3+5.3i 6.3+6.3i 7.3+7.3i 8.3+8.3i 9.3+9.3i
          6+0i 1.4+1.4i 2.4+2.4i 3.4+3.4i 4.4+4.4i 5.4+5.4i 6.4+6.4i 7.4+7.4i 8.4+8.4i 9.4+9.4i
          5+0i 1.5+1.5i 2.5+2.5i 3.5+3.5i 4.5+4.5i 5.5+5.5i 6.5+6.5i 7.5+7.5i 8.5+8.5i 9.5+9.5i
          4+0i 1.6+1.6i 2.6+2.6i 3.6+3.6i 4.6+4.6i 5.6+5.6i 6.6+6.6i 7.6+7.6i 8.6+8.6i 9.6+9.6i
          3+0i 1.7+1.7i 2.7+2.7i 3.7+3.7i 4.7+4.7i 5.7+5.7i 6.7+6.7i 7.7+7.7i 8.7+8.7i 9.7+9.7i
          2+0i 1.8+1.8i 2.8+2.8i 3.8+3.8i 4.8+4.8i 5.8+5.8i 6.8+6.8i 7.8+7.8i 8.8+8.8i 9.8+9.8i
          1+0i 1.9+1.9i 2.9+2.9i 3.9+3.9i 4.9+4.9i 5.9+5.9i 6.9+6.9i 7.9+7.9i 8.9+8.9i 9.9+9.9i
         </hdf5:DataFromFile>
      </hdf5:Data>
   </hdf5:Dataset>
</hdf5:RootGroup>
</hdf5:HDF5-File>
